******************************************************************************
                  TI ARM Linker PC v16.9.4                     
******************************************************************************
>> Linked Mon Dec 04 09:40:53 2017

OUTPUT FILE NAME:   <ble5_project_zero_cc26x2r1lp_app.out>
ENTRY POINT SYMBOL: "ResetISR"  address: 000178e1


MEMORY CONFIGURATION

         name            origin    length      used     unused   attr    fill
----------------------  --------  ---------  --------  --------  ----  --------
  FLASH                 00000000   00056000  00025fb0  00030050  R  X
  FLASH_LAST_PAGE       00056000   00002000  00000058  00001fa8  R  X
  SRAM                  20000000   000134f8  0000b076  00008482  RW X


SEGMENT ALLOCATION MAP

run origin  load origin   length   init length attrs members
----------  ----------- ---------- ----------- ----- -------
00000000    00000000    00021fb0   00021fb0    r-x
  00000000    00000000    0000003c   0000003c    r-- .resetVecs
  0000003c    0000003c    0001e428   0001e428    r-x .text
  0001e464    0001e464    0000364c   0000364c    r-- .const
  00021ab0    00021ab0    00000090   00000090    r-- .rodata
  00021b40    00021b40    00000470   00000470    r-- .cinit
0003a000    0003a000    00004000   00004000    r--
  0003a000    0003a000    00004000   00004000    r-- .TI.bound:SNV_FLASH
00057fa8    00057fa8    00000058   00000058    r--
  00057fa8    00057fa8    00000058   00000058    r-- .ccfg
20000100    20000100    00008da4   00000000    rw-
  20000100    20000100    00008da4   00000000    rw- .data
20008f00    20008f00    00001dae   00000000    rw-
  20008f00    20008f00    00001dae   00000000    rw- .bss
200130f8    200130f8    00000400   00000000    rw-
  200130f8    200130f8    00000400   00000000    rw- .stack


SECTION ALLOCATION MAP

 output                                  attributes/
section   page    origin      length       input sections
--------  ----  ----------  ----------   ----------------
.bootVecs 
*          0    00000000    00000008     DSECT
                  00000000    00000008     boot.aem4f : boot.oem4f (.bootVecs)

.resetVecs 
*          0    00000000    0000003c     
                  00000000    0000003c     ble_debug_pem4f.oem4f (.resetVecs)

.vecs      0    20000000    000000c8     NOLOAD SECTION
                  20000000    000000c8     ble_debug_pem4f.oem4f (.vecs)

xdc.meta   0    00000000    0000010a     COPY SECTION
                  00000000    0000010a     ble_debug_pem4f.oem4f (xdc.meta)

.cinit     0    00021b40    00000470     
                  00021b40    00000446     (.cinit..data.load) [load image, compression = lzss]
                  00021f86    00000002     --HOLE-- [fill = 0]
                  00021f88    0000000c     (__TI_handler_table)
                  00021f94    00000004     --HOLE-- [fill = 0]
                  00021f98    00000008     (.cinit..bss.load) [load image, compression = zero_init]
                  00021fa0    00000010     (__TI_cinit_table)

.init_array 
*          0    00000000    00000000     UNINITIALIZED

.text      0    0000003c    0001e428     
                  0000003c    00001004     ll_pxxx.a : ll.o (.text)
                  00001040    000009f8     project_zero.obj (.text:ProjectZero_taskFxn$0)
                  00001a38    000007b4     ll_pxxx.a : ble.o (.text)
                  000021ec    000006d0               : ll_adv_end_causes.o (.text)
                  000028bc    000005c4     ble5_project_zero_cc26x2r1lp_stack_library.lib : gapbondmgr.obj (.text:GAPBondMgr_ProcessEvent)
                  00002e80    00000540     project_zero.obj (.text:ProjectZero_init$0)
                  000033c0    00000508     ll_pxxx.a : ll_slave_end_causes.o (.text)
                  000038c8    0000048c               : ll_slave_end_causes.o (.text)
                  00003d54    00000424     sysbios.aem4f : BIOS.obj (.text:ti_sysbios_family_arm_m3_Hwi_excDumpRegs__I)
                  00004178    00000414     project_zero.obj (.text:ProjectZero_processGapMessage$0)
                  0000458c    0000039c     ll_pxxx.a : ll.o (.text)
                  00004928    00000378     rf_multiMode_cc26x2.aem4f : RFCC26X2_multiMode.oem4f (.text:fsmActiveState)
                  00004ca0    00000368     ll_pxxx.a : ll_ae.o (.text)
                  00005008    00000368     ble5_project_zero_cc26x2r1lp_stack_library.lib : icall_startup.obj (.text:startup_entry)
                  00005370    00000350     ll_pxxx.a : ll_ae.o (.text)
                  000056c0    00000348     sysbios.aem4f : BIOS.obj (.text:xdc_runtime_System_doPrint__I)
                  00005a08    00000300                   : BIOS.obj (.text:ti_sysbios_knl_Event_pend__E)
                  00005d08    000002e0     ll_pxxx.a : ll_isr.o (.text)
                  00005fe8    000002d8               : ll_isr.o (.text)
                  000062c0    0000029c     data_service.obj (.text:Data_Service_WriteAttrCB$3)
                  0000655c    00000278     sysbios.aem4f : BIOS.obj (.text:ti_sysbios_knl_Semaphore_pend__E)
                  000067d4    0000026c     ll_pxxx.a : ll_scheduler.o (.text)
                  00006a40    00000258     drivers_cc26x2.aem4f : CryptoCC26XX.oem4f (.text:cryptoTransactionExecute)
                  00006c98    00000230                          : PowerCC26X2.oem4f (.text:Power_sleep)
                  00006ec8    00000220     ll_pxxx.a : ll_ae.o (.text)
                  000070e8    0000021c               : ll_common.o (.text)
                  00007304    00000218     button_service.obj (.text:ButtonService_SetParameter)
                  0000751c    00000218     data_service.obj (.text:DataService_SetParameter)
                  00007734    00000218     driverlib.lib : setup.obj (.text:TrimAfterColdResetWakeupFromShutDown$19)
                  0000794c    00000214     ll_pxxx.a : ll_slave_end_causes.o (.text)
                  00007b60    0000020c               : ll_common.o (.text)
                  00007d6c    00000208               : ll_ae.o (.text)
                  00007f74    00000204     profiles_pxxx.a : gattservapp.o (.text)
                  00008178    00000204     sm_pxxx.a : sm_pairing.o (.text)
                  0000837c    000001fa     main.obj (.text:AssertHandler)
                  00008576    00000002     ble_user_config.obj (.text:DefaultAssertCback)
                  00008578    000001f4     profiles_pxxx.a : gapgattserver.o (.text)
                  0000876c    000001f4     rtsv7M4_T_le_v4SPD16_eabi.lib : ull_div_t2.obj (.text)
                  00008960    000001f0     ble5_project_zero_cc26x2r1lp_stack_library.lib : gapbondmgr.obj (.text:GAPBondMgr_SetParameter)
                  00008b50    000001f0     drivers_cc26x2.aem4f : PowerCC26X2_calibrateRCOSC.oem4f (.text:PowerCC26X2_doCalibrate)
                  00008d40    000001e4     ll_pxxx.a : ll_isr.o (.text)
                  00008f24    000001dc     led_service.obj (.text:LED_Service_WriteAttrCB$4)
                  00009100    000001d0     ll_pxxx.a : ll_common.o (.text)
                  000092d0    000001cc     ble5_project_zero_cc26x2r1lp_stack_library.lib : gapbondmgr.obj (.text:gapBondMgrAddBond$31)
                  0000949c    000001c4     drivers_cc26x2.aem4f : PINCC26XX.oem4f (.text:PIN_init)
                  00009660    000001c0     ble5_project_zero_cc26x2r1lp_stack_library.lib : osal.obj (.text:osal_start_system)
                  00009820    000001bc                                                    : gap.obj (.text:GAP_DeviceInit)
                  000099dc    000001b8     ll_pxxx.a : ll.o (.text)
                  00009b94    000001b8     sysbios.aem4f : BIOS.obj (.text:ti_sysbios_knl_Task_Instance_init__E)
                  00009d4c    000001b0     ll_pxxx.a : ll_isr.o (.text)
                  00009efc    000001a0     gap_pxxx.a : gap_advertiser.o (.text)
                  0000a09c    00000194     icall.obj (.text:icall_directAPI)
                  0000a230    00000190     ECCROMCC26XX.obj (.text:ECCROMCC26XX_genDHKey)
                  0000a3c0    00000190     drivers_cc26x2.aem4f : PowerCC26X2_calibrateRCOSC.oem4f (.text:calibrateRcoscHf1)
                  0000a550    00000190     UartLog.obj (.text:uartLog_flush)
                  0000a6e0    00000188     ll_pxxx.a : ll_ae.o (.text)
                  0000a868    0000017c     rf_multiMode_cc26x2.aem4f : RFCC26X2_multiMode.oem4f (.text:fsmSetupState)
                  0000a9e4    00000174     gatt_pxxx.a : gatt_client.o (.text)
                  0000ab58    00000170     ll_pxxx.a : ll.o (.text)
                  0000acc8    0000016c     sysbios.aem4f : BIOS.obj (.text:ti_sysbios_family_arm_m3_Hwi_excBusFault__I)
                  0000ae34    00000168     ble5_project_zero_cc26x2r1lp_stack_library.lib : osal_timers.obj (.text:osal_timer_refTimeUpdate)
                  0000af9c    00000160     button_service.obj (.text:Button_Service_ReadAttrCB$2)
                  0000b0fc    00000160     data_service.obj (.text:Data_Service_ReadAttrCB$3)
                  0000b25c    00000160     led_service.obj (.text:LED_Service_ReadAttrCB$4)
                  0000b3bc    00000160     gatt_pxxx.a : gatt_client.o (.text)
                  0000b51c    00000160     rf_multiMode_cc26x2.aem4f : RFCC26X2_multiMode.oem4f (.text:hwiFxnCpe0Active)
                  0000b67c    0000015c     drivers_cc26x2.aem4f : UARTCC26XX.oem4f (.text:UARTCC26XX_open)
                  0000b7d8    00000158     sysbios.aem4f : BIOS.obj (.text:ti_sysbios_family_arm_m3_Hwi_excUsageFault__I)
                  0000b930    00000150     ble5_project_zero_cc26x2r1lp_stack_library.lib : gapbondmgr.obj (.text:gapBondMgrAuthenticate$31)
                  0000ba80    0000014c     gatt_pxxx.a : gatt_server.o (.text)
                  0000bbcc    0000014c     ll_pxxx.a : ll_isr.o (.text)
                  0000bd18    00000144               : ll_common.o (.text)
                  0000be5c    00000140     button_service.obj (.text:Button_Service_WriteAttrCB$2)
                  0000bf9c    00000140     sysbios.aem4f : BIOS.obj (.text:ti_sysbios_family_arm_m3_Hwi_excMemFault__I)
                  0000c0dc    0000013c     led_service.obj (.text:LedService_SetParameter)
                  0000c218    0000013c     sysbios.aem4f : BIOS.obj (.text:ti_sysbios_knl_Event_post__E)
                  0000c354    00000138     gap_pxxx.a : gap_linkmgr.o (.text)
                  0000c48c    00000138     ble_debug_pem4f.oem4f (.text:ti_uia_loggers_LoggerStopMode_writeMemoryRange__E)
                  0000c5c4    00000134     drivers_cc26x2.aem4f : UARTCC26XX.oem4f (.text:UARTCC26XX_hwiIntFxn)
                  0000c6f8    00000134     rf_multiMode_cc26x2.aem4f : RFCC26X2_multiMode.oem4f (.text:fsmChangePhyState)
                  0000c82c    00000130     drivers_cc26x2.aem4f : PowerCC26X2.oem4f (.text:Power_init)
                  0000c95c    00000130     ll_pxxx.a : ll.o (.text)
                  0000ca8c    00000130     rf_multiMode_cc26x2.aem4f : RFCC26X2_multiMode.oem4f (.text:rfInit)
                  0000cbbc    00000130     sysbios.aem4f : BIOS.obj (.text:ti_sysbios_knl_Semaphore_post__E)
                  0000ccec    0000012c     sm_pxxx.a : sm_task.o (.text)
                  0000ce18    00000128     ECCROMCC26XX.obj (.text:ECCROMCC26XX_genKeys)
                  0000cf40    00000128     sysbios.aem4f : BIOS.obj (.text:xdc_runtime_Error_policyDefault__E)
                  0000d068    00000124     ll_pxxx.a : ll_scheduler.o (.text)
                  0000d18c    00000120     drivers_cc26x2.aem4f : UARTCC26XX.oem4f (.text:UARTCC26XX_read)
                  0000d2ac    0000011c     profiles_pxxx.a : gattservapp.o (.text)
                  0000d3c8    0000011c     rf_multiMode_cc26x2.aem4f : RFCC26X2_multiMode.oem4f (.text:radioOpDoneCb)
                  0000d4e4    00000118     sysbios.aem4f : BIOS.obj (.text:ti_sysbios_family_arm_m3_Hwi_dispatchC__I)
                  0000d5fc    00000114     gap_pxxx.a : gap_advertiser.o (.text)
                  0000d710    00000114     ble_debug_pem4f.oem4f (.text:ti_uia_loggers_LoggerStopMode_write8__E)
                  0000d824    00000110     gatt_pxxx.a : gatt_server.o (.text)
                  0000d934    00000110     sysbios.aem4f : BIOS.obj (.text:ti_sysbios_knl_Swi_run__I)
                  0000da44    0000010c     ll_pxxx.a : ll_scheduler.o (.text)
                  0000db50    0000010c     ble5_project_zero_cc26x2r1lp_stack_library.lib : osal_snv_wrapper.obj (.text:osal_snv_write)
                  0000dc5c    00000108     sysbios.aem4f : BIOS.obj (.text:ti_sysbios_knl_Clock_Instance_init__E)
                  0000dd64    00000104     rf_multiMode_cc26x2.aem4f : RFCC26X2_multiMode.oem4f (.text:fsmPowerUpState)
                  0000de68    00000100     project_zero.obj (.text:ProjectZero_handleUpdateLinkEvent$0)
                  0000df68    000000fc     rf_multiMode_cc26x2.aem4f : RFCC26X2_multiMode.oem4f (.text:RF_getInfo)
                  0000e064    000000fc                               : RFCC26X2_multiMode.oem4f (.text:RF_open)
                  0000e160    000000fc     drivers_cc26x2.aem4f : UARTCC26XX.oem4f (.text:UARTCC26XX_write)
                  0000e25c    000000fc     rtsv7M4_T_le_v4SPD16_eabi.lib : fd_mul_t2.obj (.text)
                  0000e358    000000fc     sysbios.aem4f : BIOS.obj (.text:ti_sysbios_family_arm_m3_Hwi_excFillContext__I)
                  0000e454    000000fc     ble_debug_pem4f.oem4f (.text:ti_uia_loggers_LoggerStopMode_write4__E)
                  0000e550    000000f8     sysbios.aem4f : BIOS.obj (.text:xdc_runtime_Startup_startMods__I)
                  0000e648    000000f8     ble_debug_pem4f.oem4f (.text:xdc_runtime_System_printfExtend__I)
                  0000e740    000000f4     UartLog.obj (.text:UartLog_log)
                  0000e834    000000f4     ble5_project_zero_cc26x2r1lp_stack_library.lib : osal_snv_wrapper.obj (.text:compactPage$40)
                  0000e928    000000f2                                                    : gapbondmgr.obj (.text:gapBondMgrEraseBonding$31)
                  0000ea1a    00000002     driverlib.lib : rfc.obj (.text:NOROM_RFCCpePatchReset)
                  0000ea1c    000000f0     rf_multiMode_cc26x2.aem4f : RFCC26X2_multiMode.oem4f (.text:RF_pendCmd)
                  0000eb0c    000000f0     ll_pxxx.a : ll_common.o (.text)
                  0000ebfc    000000f0     sysbios.aem4f : m3_Hwi_asm.obj (.text:ti_sysbios_family_arm_m3_Hwi_dispatch__I)
                  0000ecec    000000f0     ble_debug_pem4f.oem4f (.text:ti_uia_loggers_LoggerStopMode_write2__E)
                  0000eddc    000000ec     sysbios.aem4f : BIOS.obj (.text:ti_sysbios_family_arm_m3_Hwi_excHandlerMax__I)
                  0000eec8    000000ec     ble_debug_pem4f.oem4f (.text:ti_uia_loggers_LoggerStopMode_write1__E)
                  0000efb4    000000e8     gap_pxxx.a : gap_advertiser.o (.text)
                  0000f09c    000000e8     sysbios.aem4f : BIOS.obj (.text:xdc_runtime_Core_createObject__I)
                  0000f184    000000e4     dpl_cc26x2.aem4f : PowerCC26X2_tirtos.oem4f (.text:PowerCC26XX_standbyPolicy)
                  0000f268    000000e4     gatt_pxxx.a : gatt_client.o (.text)
                  0000f34c    000000e4     sm_pxxx.a : sm_pairing.o (.text)
                  0000f430    000000e0     drivers_cc26x2.aem4f : PINCC26XX.oem4f (.text:PINCC26XX_setIoCfg)
                  0000f510    000000e0     ll_pxxx.a : ll_ae.o (.text)
                  0000f5f0    000000e0               : ll_common.o (.text)
                  0000f6d0    000000e0     main.obj (.text:main)
                  0000f7b0    000000e0     sm_pxxx.a : sm_pairing.o (.text)
                  0000f890    000000dc     gap_pxxx.a : gap_linkmgr.o (.text)
                  0000f96c    000000dc     hci_pxxx.a : hci_event.o (.text)
                  0000fa48    000000dc     ll_pxxx.a : ll.o (.text)
                  0000fb24    000000dc     ble_debug_pem4f.oem4f (.text:ti_uia_loggers_LoggerStopMode_write0__E)
                  0000fc00    000000d8     ll_pxxx.a : ll_data.o (.text)
                  0000fcd8    000000d8     sysbios.aem4f : BIOS.obj (.text:ti_sysbios_knl_Clock_walkQueueDynamic__E)
                  0000fdb0    000000d4     drivers_cc26x2.aem4f : CryptoCC26XX.oem4f (.text:CryptoCC26XX_open)
                  0000fe84    000000d4     gap_pxxx.a : gap_task.o (.text)
                  0000ff58    000000d4     smp_pxxx.a : smp.o (.text)
                  0001002c    000000d0     ble5_project_zero_cc26x2r1lp_stack_library.lib : gapbondmgr.obj (.text:gapBondMgr_LinkEst$31)
                  000100fc    000000d0     ll_pxxx.a : ble.o (.text)
                  000101cc    000000d0     sysbios.aem4f : BIOS.obj (.text:xdc_runtime_Core_constructObject__I)
                  0001029c    000000ce     sm_pxxx.a : sm_pairing.o (.text)
                  0001036a    00000002     ble5_project_zero_cc26x2r1lp_stack_library.lib : onboard.obj (.text:Onboard_soft_reset)
                  0001036c    000000cc     rf_multiMode_cc26x2.aem4f : RFCC26X2_multiMode.oem4f (.text:RF_control)
                  00010438    000000cc     ll_pxxx.a : ll_ae.o (.text)
                  00010504    000000cc     sysbios.aem4f : BIOS.obj (.text:ti_sysbios_knl_Swi_Instance_init__E)
                  000105d0    000000c8     drivers_cc26x2.aem4f : PowerCC26X2.oem4f (.text:Power_releaseDependency)
                  00010698    000000c8     rf_multiMode_cc26x2.aem4f : RFCC26X2_multiMode.oem4f (.text:abortCmd)
                  00010760    000000c8     sysbios.aem4f : BIOS.obj (.text:ti_sysbios_knl_Task_schedule__I)
                  00010828    000000c4     drivers_cc26x2.aem4f : PowerCC26X2.oem4f (.text:Power_setDependency)
                  000108ec    000000c4     project_zero.obj (.text:ProjectZero_updatePHYStat$0)
                  000109b0    000000c4     ll_pxxx.a : ll.o (.text)
                  00010a74    000000c4     sm_pxxx.a : sm_pairing.o (.text)
                  00010b38    000000c0     drivers_cc26x2.aem4f : UARTCC26XX.oem4f (.text:UARTCC26XX_initIO)
                  00010bf8    000000c0     ble5_project_zero_cc26x2r1lp_stack_library.lib : osal.obj (.text:osal_set_event)
                  00010cb8    000000c0     rf_multiMode_cc26x2.aem4f : RFCC26X2_multiMode.oem4f (.text:swiFxnHw)
                  00010d78    000000c0     sysbios.aem4f : BIOS.obj (.text:ti_sysbios_knl_Task_startCore__E)
                  00010e38    000000bc     gap_pxxx.a : gap_advertiser.o (.text)
                  00010ef4    000000bc     hci_pxxx.a : hci_event.o (.text)
                  00010fb0    000000bc     ll_pxxx.a : ll_common.o (.text)
                  0001106c    000000b8     project_zero.obj (.text:ProjectZero_DataService_ValueChangeCB$0)
                  00011124    000000b8     drivers_cc26x2.aem4f : UARTCC26XX.oem4f (.text:UARTCC26XX_initHw)
                  000111dc    000000b7     project_zero.obj (.text:ProjectZero_LedService_ValueChangeCB$0)
                  00011293    00000001     --HOLE-- [fill = 0]
                  00011294    000000b4     rf_multiMode_cc26x2.aem4f : RFCC26X2_multiMode.oem4f (.text:RF_postCmd)
                  00011348    000000b4     gap_pxxx.a : gap_advertiser.o (.text)
                  000113fc    000000b4     sysbios.aem4f : BIOS.obj (.text:ti_sysbios_family_arm_m3_Hwi_excDebugMon__I)
                  000114b0    000000b4                   : BIOS.obj (.text:ti_sysbios_family_arm_m3_Hwi_excHardFault__I)
                  00011564    000000b4                   : BIOS.obj (.text:ti_sysbios_knl_Task_checkStacks__E)
                  00011618    000000b0     TRNGCC26XX.obj (.text:TRNGCC26XX_getNumber)
                  000116c8    000000b0     att_pxxx.a : att_util.o (.text)
                  00011778    000000b0     devinfoservice.obj (.text:devInfo_ReadAttrCB$12)
                  00011828    000000b0     gap_pxxx.a : gap_linkmgr.o (.text)
                  000118d8    000000b0     ll_pxxx.a : ll_scheduler.o (.text)
                  00011988    000000b0     rf_multiMode_cc26x2.aem4f : RFCC26X2_multiMode.oem4f (.text:powerDownRfCore)
                  00011a38    000000b0     sysbios.aem4f : BIOS.obj (.text:ti_sysbios_gates_GateMutex_enter__E)
                  00011ae8    000000b0                   : BIOS.obj (.text:ti_sysbios_knl_Swi_setPri__E)
                  00011b98    000000ac     gattservapp_util.obj (.text:GATTServApp_ProcessCharCfg)
                  00011c44    000000ac     project_zero.obj (.text:ProjectZero_ButtonService_CfgChangeCB$0)
                  00011cf0    000000ac     rf_multiMode_cc26x2.aem4f : RFCC26X2_multiMode.oem4f (.text:dispatchNextCmd)
                  00011d9c    000000ac     ll_pxxx.a : ll.o (.text)
                  00011e48    000000ac               : ll_ae.o (.text)
                  00011ef4    000000aa     project_zero.obj (.text:ProjectZero_DataService_CfgChangeCB$0)
                  00011f9e    000000aa     ll_pxxx.a : ll_common.o (.text)
                  00012048    000000aa     sm_pxxx.a : sm_mgr.o (.text)
                  000120f2    00000002     ble5_project_zero_cc26x2r1lp_stack_library.lib : sm_ecc.obj (.text:SM_dhKeyCB)
                  000120f4    000000a8     gatt_pxxx.a : gatt_client.o (.text)
                  0001219c    000000a8     sysbios.aem4f : BIOS.obj (.text:ti_sysbios_knl_Swi_post__E)
                  00012244    000000a4     rf_multiMode_cc26x2.aem4f : RFCC26X2_multiMode.oem4f (.text:discardPendCmd)
                  000122e8    000000a4     ll_pxxx.a : ll_common.o (.text)
                  0001238c    000000a4               : ll_common.o (.text)
                  00012430    000000a4               : ll_enc.o (.text)
                  000124d4    000000a4     ble5_project_zero_cc26x2r1lp_stack_library.lib : osal.obj (.text:osal_msg_enqueue_push$23)
                  00012578    000000a0     auto_init.aem4f : auto_init.oem4f (.text)
                  00012618    000000a0     project_zero.obj (.text:buttonCallbackFxn$0)
                  000126b8    000000a0     hci_pxxx.a : hci_event.o (.text)
                  00012758    000000a0     sysbios.aem4f : BIOS.obj (.text:ti_sysbios_knl_Clock_Instance_finalize__E)
                  000127f8    0000009e     ble5_project_zero_cc26x2r1lp_stack_library.lib : gapbondmgr.obj (.text:gapBondMgrUpdateCharCfg$31)
                  00012896    00000002                                                    : sm_ecc.obj (.text:SM_p256KeyCB)
                  00012898    0000009e     sysbios.aem4f : BIOS.obj (.text:xdc_runtime_Text_putSite__E)
                  00012936    00000002     rf_multiMode_cc26x2.aem4f : RFCC26X2_multiMode.oem4f (.text:defaultCallback)
                  00012938    0000009c     driverlib.lib : setup.obj (.text:NOROM_SetupTrimDevice)
                  000129d4    0000009c     ble5_project_zero_cc26x2r1lp_stack_library.lib : osal_cbtimer.obj (.text:cbTimerSetup$25)
                  00012a70    0000009c     rtsv7M4_T_le_v4SPD16_eabi.lib : memcpy_t2.obj (.text)
                  00012b0c    0000009c     sysbios.aem4f : BIOS.obj (.text:ti_sysbios_knl_Semaphore_Instance_init__E)
                  00012ba8    0000009a     ll_pxxx.a : ll_ae.o (.text)
                  00012c42    00000002     drivers_cc26x2.aem4f : PowerCC26X2.oem4f (.text:emptyClockFunc)
                  00012c44    00000098     ll_pxxx.a : ll.o (.text)
                  00012cdc    00000098               : ll.o (.text)
                  00012d74    00000098               : ll.o (.text)
                  00012e0c    00000098     sysbios.aem4f : BIOS.obj (.text:ti_sysbios_knl_Clock_workFuncDynamic__E)
                  00012ea4    00000098                   : BIOS.obj (.text:ti_sysbios_knl_Task_blockI__E)
                  00012f3c    00000098                   : BIOS.obj (.text:xdc_runtime_Text_putMod__E)
                  00012fd4    00000096     ll_pxxx.a : ll_ae.o (.text)
                  0001306a    00000002     ble5_project_zero_cc26x2r1lp_stack_library.lib : hal_assert.obj (.text:halAssertHandler)
                  0001306c    00000094     icall.obj (.text:ICall_setTimer)
                  00013100    00000094     drivers_cc26x2.aem4f : PINCC26XX.oem4f (.text:PIN_open)
                  00013194    00000094     ll_pxxx.a : ll_common.o (.text)
                  00013228    00000094               : ll_enc.o (.text)
                  000132bc    00000094     ble5_project_zero_cc26x2r1lp_stack_library.lib : osal_cbtimer.obj (.text:osal_CbTimerProcessEvent)
                  00013350    00000094                                                    : osal.obj (.text:osal_msg_receive)
                  000133e4    00000094     sysbios.aem4f : BIOS.obj (.text:ti_sysbios_knl_Task_exit__E)
                  00013478    00000092     gap_pxxx.a : linkdb.o (.text)
                  0001350a    00000092     ll_pxxx.a : ll_common.o (.text)
                  0001359c    00000090     CC26X2R1_LAUNCHXL.obj (.text:CC26X2R1_LAUNCHXL_shutDownExtFlash)
                  0001362c    00000090     driverlib.lib : crypto.obj (.text:NOROM_CRYPTOAesLoadKey)
                  000136bc    00000090     project_zero.obj (.text:ProjectZero_sendParamUpdate$0)
                  0001374c    00000090     drivers_cc26x2.aem4f : PowerCC26X2.oem4f (.text:disableLFClockQualifiers)
                  000137dc    00000090     ble5_project_zero_cc26x2r1lp_stack_library.lib : gapbondmgr.obj (.text:gapBondMgr_syncResolvingList)
                  0001386c    00000090     gatt_pxxx.a : gatt_client.o (.text)
                  000138fc    00000090     hci_tl_none.a : hci_tl.o (.text)
                  0001398c    00000090     ll_pxxx.a : ll_scheduler.o (.text)
                  00013a1c    00000090     sm_pxxx.a : sm_pairing.o (.text)
                  00013aac    00000090     ti.uia.loggers.aem4f : LoggerStopMode.oem4f (.text:ti_uia_loggers_LoggerStopMode_initQueueDescriptor__E)
                  00013b3c    00000090     drivers_cc26x2.aem4f : UARTCC26XX.oem4f (.text:writeTxFifoFlush)
                  00013bcc    0000008c     icall.obj (.text:ICall_heapMalloc)
                  00013c58    0000008c     rf_multiMode_cc26x2.aem4f : RFCC26X2_multiMode.oem4f (.text:RF_issueRadioFreeCb)
                  00013ce4    0000008c     drivers_cc26x2.aem4f : UARTCC26XX.oem4f (.text:UARTCC26XX_close)
                  00013d70    0000008c                          : UARTCC26XX.oem4f (.text:UARTCC26XX_writeCancel)
                  00013dfc    0000008c     gattservapp_util.obj (.text:gattServApp_SendNotiInd$14)
                  00013e88    0000008c     gatt_pxxx.a : gatt_client.o (.text)
                  00013f14    0000008c     sysbios.aem4f : BIOS.obj (.text:ti_sysbios_family_arm_m3_Hwi_Instance_init__E)
                  00013fa0    0000008c                   : BIOS.obj (.text:ti_sysbios_family_arm_m3_Hwi_initNVIC__E)
                  0001402c    0000008c                   : m3_TaskSupport_asm.obj (.text:ti_sysbios_family_arm_m3_TaskSupport_buildTaskStack)
                  000140b8    0000008c                   : BIOS.obj (.text:ti_sysbios_knl_Task_unblockI__E)
                  00014144    0000008c     drivers_cc26x2.aem4f : UARTCC26XX.oem4f (.text:writeFinishedDoCallback)
                  000141d0    0000008a                          : CryptoCC26XX.oem4f (.text:CryptoCC26XX_allocateKey)
                  0001425a    00000002     ble5_project_zero_cc26x2r1lp_stack_library.lib : hal_assert.obj (.text:halAssertSpinlock)
                  0001425c    00000088     drivers_cc26x2.aem4f : PowerCC26X2_calibrateRCOSC.oem4f (.text:calibrateRcoscHf2)
                  000142e4    00000088     gap_pxxx.a : gap_linkmgr.o (.text)
                  0001436c    00000088     hci_pxxx.a : hci_event.o (.text)
                  000143f4    00000088     ll_pxxx.a : ll.o (.text)
                  0001447c    00000088               : ll_data.o (.text)
                  00014504    00000088     profiles_pxxx.a : gapgattserver.o (.text)
                  0001458c    00000088     drivers_cc26x2.aem4f : PowerCC26X2.oem4f (.text:switchXOSCHFclockFunc)
                  00014614    00000086     gatt_pxxx.a : gatt_client.o (.text)
                  0001469a    00000086     ll_pxxx.a : ll_common.o (.text)
                  00014720    00000084     driverlib.lib : setup_rom.obj (.text:NOROM_SetupStepVddrTrimTo)
                  000147a4    00000084     rf_multiMode_cc26x2.aem4f : RFCC26X2_multiMode.oem4f (.text:hwiFxnHw)
                  00014828    00000084     profiles_pxxx.a : gattservapp.o (.text)
                  000148ac    00000084                     : gattservapp.o (.text)
                  00014930    00000084     rf_multiMode_cc26x2.aem4f : RFCC26X2_multiMode.oem4f (.text:ratFreeChannel)
                  000149b4    00000084     ble5_project_zero_cc26x2r1lp_stack_library.lib : osal_snv_wrapper.obj (.text:writeWord$40)
                  00014a38    00000082     profiles_pxxx.a : gattservapp.o (.text)
                  00014aba    00000002     icall_api_lite.obj (.text:rfErrCb)
                  00014abc    00000080     ll_pxxx.a : ll.o (.text)
                  00014b3c    00000080     profiles_pxxx.a : gattservapp.o (.text)
                  00014bbc    00000080     sysbios.aem4f : BIOS.obj (.text:ti_sysbios_family_arm_cc26xx_Timer_start__E)
                  00014c3c    00000080                   : BIOS.obj (.text:ti_sysbios_knl_Task_postInit__I)
                  00014cbc    0000007e     gatt_pxxx.a : gatt_client.o (.text)
                  00014d3a    0000007e     ll_pxxx.a : ll.o (.text)
                  00014db8    0000007e               : ll_common.o (.text)
                  00014e36    00000002     rtsv7M4_T_le_v4SPD16_eabi.lib : i_div0.obj (.text)
                  00014e38    0000007c     gap_pxxx.a : gap_linkmgr.o (.text)
                  00014eb4    0000007c     gatt_pxxx.a : gatt_client.o (.text)
                  00014f30    0000007c     hci_pxxx.a : hci_event.o (.text)
                  00014fac    0000007c     ble5_project_zero_cc26x2r1lp_stack_library.lib : osal.obj (.text:osal_event_send$23)
                  00015028    0000007c     drivers_cc26x2.aem4f : PowerCC26X2_calibrateRCOSC.oem4f (.text:updateSubSecInc)
                  000150a4    0000007a     rtsv7M4_T_le_v4SPD16_eabi.lib : memset_t2.obj (.text)
                  0001511e    00000002     sysbios.aem4f : BIOS.obj (.text:ti_sysbios_BIOS_linkedWithIncorrectBootLibrary__E)
                  00015120    00000078     l2cap_pxxx.a : l2cap_if.o (.text)
                  00015198    00000078     ll_pxxx.a : ll_ae.o (.text)
                  00015210    00000078               : ll_common.o (.text)
                  00015288    00000078               : ll_enc.o (.text)
                  00015300    00000078     profiles_pxxx.a : gattservapp.o (.text)
                  00015378    00000076     gatt_pxxx.a : gatt_client.o (.text)
                  000153ee    00000076     ll_pxxx.a : ll_common.o (.text)
                  00015464    00000074     icall.obj (.text:ICall_heapGetStats)
                  000154d8    00000074     drivers_cc26x2.aem4f : PowerCC26X2_calibrateRCOSC.oem4f (.text:PowerCC26X2_auxISR)
                  0001554c    00000074     project_zero.obj (.text:buttonDebounceSwiFxn$0)
                  000155c0    00000074     ll_pxxx.a : ll_common.o (.text)
                  00015634    00000074               : ll_common.o (.text)
                  000156a8    00000074     rf_multiMode_cc26x2.aem4f : RFCC26X2_multiMode.oem4f (.text:ratDispatchTime)
                  0001571c    00000074     ti.uia.runtime.aem4f : QueueDescriptor.oem4f (.text:ti_uia_runtime_QueueDescriptor_addToList__E)
                  00015790    00000074     project_zero.obj (.text:util_arrtohex$0)
                  00015804    00000070     ble5_project_zero_cc26x2r1lp_stack_library.lib : gapbondmgr.obj (.text:GAPBondMgr_FindAddr)
                  00015874    00000070                                                    : ble_dispatch_lite.obj (.text:ble_dispatch_liteProcess)
                  000158e4    00000070                                                    : gapbondmgr.obj (.text:gapBondMgrBondReq$31)
                  00015954    00000070     ll_pxxx.a : ll_common.o (.text)
                  000159c4    00000070     sysbios.aem4f : BIOS.obj (.text:xdc_runtime_Error_print__E)
                  00015a34    0000006d                   : BIOS.obj (.text:xdc_runtime_System_formatNum__I)
                  00015aa1    00000001     --HOLE-- [fill = 0]
                  00015aa2    00000002     ble_debug_pem4f.oem4f (.text:ti_sysbios_BIOS_nullFunc__I)
                  00015aa4    0000006c     project_zero.obj (.text:ProjectZero_clearConnListEntry$0)
                  00015b10    0000006c     drivers_cc26x2.aem4f : PowerCC26X2.oem4f (.text:configureXOSCHF)
                  00015b7c    0000006c     gap_pxxx.a : gap_configmgr.o (.text)
                  00015be8    0000006c     gatt_pxxx.a : gatt_client.o (.text)
                  00015c54    0000006c     ll_pxxx.a : ble.o (.text)
                  00015cc0    0000006c               : ll_common.o (.text)
                  00015d2c    0000006c               : ll_common.o (.text)
                  00015d98    0000006c               : ll_scheduler.o (.text)
                  00015e04    0000006c     sysbios.aem4f : BIOS.obj (.text:xdc_runtime_Memory_alloc__E)
                  00015e70    0000006a     ble5_project_zero_cc26x2r1lp_stack_library.lib : gapbondmgr.obj (.text:gapBondMgrEraseLocalInfo$31)
                  00015eda    00000002     sysbios.aem4f : BIOS.obj (.text:ti_sysbios_gates_GateHwi_Instance_init__E)
                  00015edc    00000068     icall.obj (.text:ICall_send)
                  00015f44    00000068     icall.obj (.text:ICall_sendServiceComplete)
                  00015fac    00000068     driverlib.lib : osc.obj (.text:NOROM_OSCHF_AttemptToSwitchToXosc)
                  00016014    00000068     rf_multiMode_cc26x2.aem4f : RFCC26X2_multiMode.oem4f (.text:RF_getCurrentTime)
                  0001607c    00000068                               : RFCC26X2_multiMode.oem4f (.text:RF_ratDisableChannel)
                  000160e4    00000068     drivers_cc26x2.aem4f : UARTCC26XX.oem4f (.text:UARTCC26XX_readCancel)
                  0001614c    00000068     rtsv7M4_T_le_v4SPD16_eabi.lib : copy_decompress_lzss.obj (.text:decompress:lzss)
                  000161b4    00000068     gap_pxxx.a : gap_configmgr.o (.text)
                  0001621c    00000068                : linkdb.o (.text)
                  00016284    00000068     ll_pxxx.a : ll.o (.text)
                  000162ec    00000068               : ll.o (.text)
                  00016354    00000068               : ll.o (.text)
                  000163bc    00000068               : ll_common.o (.text)
                  00016424    00000068               : ll_common.o (.text)
                  0001648c    00000068               : ll_common.o (.text)
                  000164f4    00000068               : ll_privacy.o (.text)
                  0001655c    00000068     ble5_project_zero_cc26x2r1lp_stack_library.lib : osal_cbtimer.obj (.text:osal_CbTimerUpdate)
                  000165c4    00000068     profiles_pxxx.a : gattservapp.o (.text)
                  0001662c    00000068     rtsv7M4_T_le_v4SPD16_eabi.lib : trgmsg.obj (.text)
                  00016694    00000068     sysbios.aem4f : BIOS.obj (.text:ti_sysbios_family_arm_cc26xx_TimestampProvider_Module_startup__E)
                  000166fc    00000068                   : BIOS.obj (.text:ti_sysbios_knl_Clock_startI__E)
                  00016764    00000068                   : BIOS.obj (.text:ti_sysbios_knl_Clock_start__E)
                  000167cc    00000068                   : BIOS.obj (.text:ti_sysbios_knl_Swi_restoreHwi__E)
                  00016834    00000066     ll_pxxx.a : ll_common.o (.text)
                  0001689a    00000066               : ll_common.o (.text)
                  00016900    00000066               : ll_privacy.o (.text)
                  00016966    00000066     rf_multiMode_cc26x2.aem4f : RFCC26X2_multiMode.oem4f (.text:syncCb)
                  000169cc    00000066     ti.uia.loggers.aem4f : LoggerStopMode.oem4f (.text:ti_uia_loggers_LoggerStopMode_flush__E)
                  00016a32    00000002     sysbios.aem4f : BIOS.obj (.text:ti_sysbios_knl_Clock_triggerFunc__I)
                  00016a34    00000064     drivers_cc26x2.aem4f : UARTCC26XX.oem4f (.text:UARTCC26XX_control)
                  00016a98    00000064     gap_pxxx.a : gap_linkmgr.o (.text)
                  00016afc    00000064     rf_multiMode_cc26x2.aem4f : RFCC26X2_multiMode.oem4f (.text:hwiFxnCpe0PowerFsm)
                  00016b60    00000064     ll_pxxx.a : ll_privacy.o (.text)
                  00016bc4    00000064     profiles_pxxx.a : gattservapp.o (.text)
                  00016c28    00000060     gattservapp_util.obj (.text:GATTServApp_ProcessCCCWriteReq)
                  00016c88    00000060     icall.obj (.text:ICall_createRemoteTasksAtRuntime)
                  00016ce8    00000060     icall.obj (.text:ICall_enrollService)
                  00016d48    00000060     gap_pxxx.a : gap_linkmgr.o (.text)
                  00016da8    00000060                : gap_linkmgr.o (.text)
                  00016e08    00000060                : gap_task.o (.text)
                  00016e68    00000060     ll_pxxx.a : ll_ae.o (.text)
                  00016ec8    00000060               : ll_common.o (.text)
                  00016f28    00000060               : ll_scheduler.o (.text)
                  00016f88    00000060     profiles_pxxx.a : gattservapp.o (.text)
                  00016fe8    00000060     rf_multiMode_cc26x2.aem4f : RFCC26X2_multiMode.oem4f (.text:ratSetupChannel)
                  00017048    00000060     sysbios.aem4f : BIOS.obj (.text:ti_sysbios_knl_Clock_logTick__E)
                  000170a8    0000005e     icall.obj (.text:ICall_fetchMsg)
                  00017106    0000005e     gatt_pxxx.a : gatt_client.o (.text)
                  00017164    0000005e     ll_pxxx.a : ll_common.o (.text)
                  000171c2    00000002     ble_debug_pem4f.oem4f (.text:ti_uia_loggers_LoggerStopMode_setFilterLevel__E)
                  000171c4    0000005c     icall.obj (.text:ICall_pwrUpdActivityCounter)
                  00017220    0000005c     drivers_cc26x2.aem4f : PINCC26XX.oem4f (.text:PIN_remove)
                  0001727c    0000005c                          : PowerCC26X2_calibrateRCOSC.oem4f (.text:PowerCC26X2_RCOSC_clockFunc)
                  000172d8    0000005c                          : PowerCC26X2.oem4f (.text:PowerCC26XX_calibrate)
                  00017334    0000005c     rf_multiMode_cc26x2.aem4f : RFCC26X2_multiMode.oem4f (.text:dispatchNextEvent)
                  00017390    0000005c     ble5_project_zero_cc26x2r1lp_stack_library.lib : gapbondmgr.obj (.text:gapBondMgrChangeState$31)
                  000173ec    0000005c     gatt_pxxx.a : gatt_client.o (.text)
                  00017448    0000005c     ll_pxxx.a : ll_ae.o (.text)
                  000174a4    0000005c               : ll_common.o (.text)
                  00017500    0000005c               : ll_common.o (.text)
                  0001755c    0000005c     profiles_pxxx.a : gattservapp.o (.text)
                  000175b8    0000005c                     : gattservapp.o (.text)
                  00017614    0000005c     sysbios.aem4f : BIOS.obj (.text:ti_sysbios_knl_Task_Module_startup__E)
                  00017670    0000005b                   : BIOS.obj (.text:xdc_runtime_Text_putLab__E)
                  000176cb    00000001     --HOLE-- [fill = 0]
                  000176cc    0000005a     ll_pxxx.a : ll_common.o (.text)
                  00017726    00000002     ti.uia.loggers.aem4f : LoggerStopMode.oem4f (.text:ti_uia_loggers_LoggerStopMode_setPriority__E)
                  00017728    00000058     button_service.obj (.text:Button_Service_findCharParamId$2)
                  00017780    00000058     data_service.obj (.text:Data_Service_findCharParamId$3)
                  000177d8    00000058     icall.obj (.text:ICall_wait)
                  00017830    00000058     led_service.obj (.text:LED_Service_findCharParamId$4)
                  00017888    00000058     drivers_cc26x2.aem4f : PowerCC26X2_calibrateRCOSC.oem4f (.text:PowerCC26X2_initiateCalibration)
                  000178e0    00000058     boot.aem4f : boot.oem4f (.text)
                  00017938    00000058     gap_pxxx.a : linkdb.o (.text)
                  00017990    00000058     ll_pxxx.a : ll.o (.text)
                  000179e8    00000058               : ll_enc.o (.text)
                  00017a40    00000058     ble5_project_zero_cc26x2r1lp_stack_library.lib : osal_cbtimer.obj (.text:osal_CbTimerStop)
                  00017a98    00000058     profiles_pxxx.a : gattservapp.o (.text)
                  00017af0    00000058     sm_pxxx.a : sm_rsppairing.o (.text)
                  00017b48    00000058     sysbios.aem4f : m3_Hwi_asm_switch.obj (.text:ti_sysbios_family_arm_m3_Hwi_initStacks__E)
                  00017ba0    00000058                   : BIOS.obj (.text:ti_sysbios_family_arm_m3_Hwi_postInit__I)
                  00017bf8    00000056     gap_pxxx.a : gap_devmgr.o (.text)
                  00017c4e    00000056                : gap_task.o (.text)
                  00017ca4    00000056     ll_pxxx.a : ll_common.o (.text)
                  00017cfa    00000002     --HOLE-- [fill = 0]
                  00017cfc    00000054     rf_multiMode_cc26x2.aem4f : RFCC26X2_multiMode.oem4f (.text:RF_ieeeExtension)
                  00017d50    00000054                               : RFCC26X2_multiMode.oem4f (.text:cmdDispatchTime)
                  00017da4    00000054                               : RFCC26X2_multiMode.oem4f (.text:fsmXOSCState)
                  00017df8    00000054     ble5_project_zero_cc26x2r1lp_stack_library.lib : gapbondmgr.obj (.text:gapBondMgrReadBonds$31)
                  00017e4c    00000054                                                    : gapbondmgr.obj (.text:gapBondStateDoGATTDisc$31)
                  00017ea0    00000054     gap_pxxx.a : gap_task.o (.text)
                  00017ef4    00000054     gatt_pxxx.a : gatt_client.o (.text)
                  00017f48    00000054     hci_pxxx.a : hci_event.o (.text)
                  00017f9c    00000054     ll_pxxx.a : ll_common.o (.text)
                  00017ff0    00000054     rf_multiMode_cc26x2.aem4f : RFCC26X2_multiMode.oem4f (.text:ratAllocChannel)
                  00018044    00000054     rtsv7M4_T_le_v4SPD16_eabi.lib : exit.obj (.text)
                  00018098    00000054                                   : hostwrite.obj (.text)
                  000180ec    00000054     sysbios.aem4f : BIOS.obj (.text:ti_sysbios_knl_Swi_Instance_finalize__E)
                  00018140    00000054                   : BIOS.obj (.text:ti_sysbios_knl_Swi_schedule__I)
                  00018194    00000052     ble5_project_zero_cc26x2r1lp_stack_library.lib : osal_snv_wrapper.obj (.text:findItem$40)
                  000181e6    00000052     ll_pxxx.a : ll_common.o (.text)
                  00018238    00000052               : ll_privacy.o (.text)
                  0001828a    00000002     --HOLE-- [fill = 0]
                  0001828c    00000050     ECCROMCC26XX.obj (.text:ECCROMCC26XX_Params_init)
                  000182dc    00000050     ble5_project_zero_cc26x2r1lp_stack_library.lib : npi.obj (.text:NPI_WriteTransport)
                  0001832c    00000050     rf_multiMode_cc26x2.aem4f : RFCC26X2_multiMode.oem4f (.text:RF_wakeupNotifyFxn)
                  0001837c    00000050                               : RFCC26X2_multiMode.oem4f (.text:applyRfCorePatch)
                  000183cc    00000050     ble5_project_zero_cc26x2r1lp_stack_library.lib : gapbondmgr.obj (.text:gapBondMgr_UpdateCharCfg$31)
                  0001841c    00000050     ll_pxxx.a : ll.o (.text)
                  0001846c    00000050               : ll.o (.text)
                  000184bc    00000050               : ll.o (.text)
                  0001850c    00000050               : ll.o (.text)
                  0001855c    00000050               : ll.o (.text)
                  000185ac    00000050               : ll_ae.o (.text)
                  000185fc    00000050               : ll_common.o (.text)
                  0001864c    00000050               : ll_common.o (.text)
                  0001869c    00000050               : ll_common.o (.text)
                  000186ec    00000050               : ll_scheduler.o (.text)
                  0001873c    00000050               : ll_scheduler.o (.text)
                  0001878c    00000050     profiles_pxxx.a : gattservapp.o (.text)
                  000187dc    00000050     rf_multiMode_cc26x2.aem4f : RFCC26X2_multiMode.oem4f (.text:ratGenerateCmd)
                  0001882c    00000050     sysbios.aem4f : BIOS.obj (.text:ti_sysbios_knl_Swi_runLoop__I)
                  0001887c    00000050                   : BIOS.obj (.text:xdc_runtime_Startup_exec__E)
                  000188cc    00000050                   : BIOS.obj (.text:xdc_runtime_Text_visitRope2__I)
                  0001891c    0000004e     ble5_project_zero_cc26x2r1lp_stack_library.lib : gapbondmgr.obj (.text:gapBondMgrSetStateFlagFromConnhandle$31)
                  0001896a    0000004e     ll_pxxx.a : ll.o (.text)
                  000189b8    0000004e               : ll_privacy.o (.text)
                  00018a06    00000002     --HOLE-- [fill = 0]
                  00018a08    0000004c     icall.obj (.text:ICall_heapInit)
                  00018a54    0000004c     icall.obj (.text:ICall_newTask$7)
                  00018aa0    0000004c     driverlib.lib : chipinfo.obj (.text:NOROM_ChipInfo_GetChipType)
                  00018aec    0000004c     rf_multiMode_cc26x2.aem4f : RFCC26X2_multiMode.oem4f (.text:Q_push)
                  00018b38    0000004c     util.obj (.text:Util_constructClock)
                  00018b84    0000004c     gap_pxxx.a : gap_advertiser.o (.text)
                  00018bd0    0000004c                : gap_linkmgr.o (.text)
                  00018c1c    0000004c                : gap_perilinkmgr.o (.text)
                  00018c68    0000004c                : gap_perilinkmgr.o (.text)
                  00018cb4    0000004c     ll_pxxx.a : ll_ae.o (.text)
                  00018d00    0000004c     ble5_project_zero_cc26x2r1lp_stack_library.lib : osal_bufmgr.obj (.text:osal_bm_free)
                  00018d4c    0000004c     rf_multiMode_cc26x2.aem4f : RFCC26X2_multiMode.oem4f (.text:ratArmChannel)
                  00018d98    0000004c                               : RFCC26X2_multiMode.oem4f (.text:ratRestartChannels)
                  00018de4    0000004c     rtsv7M4_T_le_v4SPD16_eabi.lib : cpy_tbl.obj (.text)
                  00018e30    0000004c     drivers_cc26x2.aem4f : UARTCC26XX.oem4f (.text:startTxFifoEmptyClk)
                  00018e7c    0000004c     ti.uia.loggers.aem4f : LoggerStopMode.oem4f (.text:ti_uia_loggers_LoggerStopMode_Module_startup__E)
                  00018ec8    0000004a     sm_pxxx.a : sm_mgr.o (.text)
                  00018f12    00000002     --HOLE-- [fill = 0]
                  00018f14    00000048     CC26X2R1_LAUNCHXL.obj (.text:CC26X2R1_LAUNCHXL_wakeUpExtFlash)
                  00018f5c    00000048     dpl_cc26x2.aem4f : ClockP_tirtos.oem4f (.text:ClockP_construct)
                  00018fa4    00000048     ECCROMCC26XX.obj (.text:ECC_initGlobals$5)
                  00018fec    00000048     driverlib.lib : rfc.obj (.text:NOROM_RFCSynthPowerDown)
                  00019034    00000048     drivers_cc26x2.aem4f : PINCC26XX.oem4f (.text:PIN_setOutputEnable)
                  0001907c    00000048     project_zero.obj (.text:ProjectZero_enqueueMsg$0)
                  000190c4    00000048     ble5_project_zero_cc26x2r1lp_stack_library.lib : osal_snv_wrapper.obj (.text:erasePage$40)
                  0001910c    00000048                                                    : gapbondmgr.obj (.text:gapBondMgrUpdateLruBondList$31)
                  00019154    00000048                                                    : gapbondmgr.obj (.text:gapBondMgr_ReadGattChar$31)
                  0001919c    00000048                                                    : gapbondmgr.obj (.text:gapBondStateStartNextGATTDisc$31)
                  000191e4    00000048     gap_pxxx.a : gap_configmgr.o (.text)
                  0001922c    00000048                : linkdb.o (.text)
                  00019274    00000048     ll_pxxx.a : ll.o (.text)
                  000192bc    00000048               : ll.o (.text)
                  00019304    00000048               : ll.o (.text)
                  0001934c    00000048               : ll_common.o (.text)
                  00019394    00000048               : ll_isr.o (.text)
                  000193dc    00000048     ble5_project_zero_cc26x2r1lp_stack_library.lib : osal_timers.obj (.text:osalAddTimer)
                  00019424    00000048     profiles_pxxx.a : gattservapp.o (.text)
                  0001946c    00000048     rtsv7M4_T_le_v4SPD16_eabi.lib : fd_toi_t2.obj (.text)
                  000194b4    00000048     sysbios.aem4f : BIOS.obj (.text:ti_sysbios_family_arm_m3_Hwi_Module_startup__E)
                  000194fc    00000048                   : BIOS.obj (.text:ti_sysbios_family_arm_m3_Hwi_excReserved__I)
                  00019544    00000048                   : BIOS.obj (.text:xdc_runtime_Assert_raise__I)
                  0001958c    00000048                   : BIOS.obj (.text:xdc_runtime_Core_assignParams__I)
                  000195d4    00000046     drivers_cc26x2.aem4f : RingBuf.oem4f (.text:RingBuf_put)
                  0001961a    00000046     gatt_pxxx.a : gatt_client.o (.text)
                  00019660    00000044     drivers_cc26x2.aem4f : CryptoCC26XX.oem4f (.text:CryptoCC26XX_loadKey)
                  000196a4    00000044     ble5_project_zero_cc26x2r1lp_stack_library.lib : gapbondmgr.obj (.text:GAPBondMgr_Pair)
                  000196e8    00000044     driverlib.lib : osc.obj (.text:NOROM_OSCHF_SwitchToRcOscTurnOffXosc)
                  0001972c    00000044     drivers_cc26x2.aem4f : PINCC26XX.oem4f (.text:PIN_swi)
                  00019770    00000044                          : UART.oem4f (.text:UART_init)
                  000197b4    00000044     ll_pxxx.a : ll.o (.text)
                  000197f8    00000044               : ll.o (.text)
                  0001983c    00000044               : ll_ae.o (.text)
                  00019880    00000044               : ll_common.o (.text)
                  000198c4    00000044               : ll_common.o (.text)
                  00019908    00000044     drivers_cc26x2.aem4f : PowerCC26X2.oem4f (.text:notify)
                  0001994c    00000044     ble5_project_zero_cc26x2r1lp_stack_library.lib : osal_timers.obj (.text:osal_start_timerEx)
                  00019990    00000044     sysbios.aem4f : BIOS.obj (.text:ti_sysbios_family_arm_m3_Hwi_disableInterrupt__E)
                  000199d4    00000044                   : BIOS.obj (.text:ti_sysbios_family_arm_m3_Hwi_enableInterrupt__E)
                  00019a18    00000044                   : BIOS.obj (.text:ti_sysbios_knl_Task_allBlockedFunction__I)
                  00019a5c    00000044     ti.uia.loggers.aem4f : LoggerStopMode.oem4f (.text:ti_uia_loggers_LoggerStopMode_initBuffer__I)
                  00019aa0    00000044     sysbios.aem4f : BIOS.obj (.text:xdc_runtime_Error_setX__E)
                  00019ae4    00000044                   : BIOS.obj (.text:xdc_runtime_SysMin_flush__E)
                  00019b28    00000044                   : BIOS.obj (.text:xdc_runtime_Text_xprintf__I)
                  00019b6c    00000042     ll_pxxx.a : ble.o (.text)
                  00019bae    00000042               : ll.o (.text)
                  00019bf0    00000042               : ll_common.o (.text)
                  00019c32    00000002     --HOLE-- [fill = 0]
                  00019c34    00000040     ECCROMCC26XX.obj (.text:ECCROMCC26XX_init)
                  00019c74    00000040     drivers_cc26x2.aem4f : PowerCC26X2.oem4f (.text:PowerCC26XX_isStableXOSC_HF)
                  00019cb4    00000040                          : PowerCC26X2.oem4f (.text:PowerCC26XX_switchXOSC_HF)
                  00019cf4    00000040     project_zero.obj (.text:ProjectZero_createTask)
                  00019d34    00000040     drivers_cc26x2.aem4f : RingBuf.oem4f (.text:RingBuf_get)
                  00019d74    00000040     gap_pxxx.a : gap_linkmgr.o (.text)
                  00019db4    00000040     ll_pxxx.a : ll.o (.text)
                  00019df4    00000040               : ll.o (.text)
                  00019e34    00000040               : ll_common.o (.text)
                  00019e74    00000040               : ll_scheduler.o (.text)
                  00019eb4    00000040     profiles_pxxx.a : gattservapp.o (.text)
                  00019ef4    00000040     rtsv7M4_T_le_v4SPD16_eabi.lib : u_divt2.obj (.text)
                  00019f34    00000040     sysbios.aem4f : BIOS.obj (.text:ti_sysbios_family_arm_m3_Hwi_getStackInfo__E)
                  00019f74    00000040                   : BIOS.obj (.text:ti_sysbios_heaps_HeapCallback_Module_startup__E)
                  00019fb4    00000040     ble_debug_pem4f.oem4f (.text:ti_sysbios_knl_Task_create)
                  00019ff4    0000003e     dpl_cc26x2.aem4f : HwiP_tirtos.oem4f (.text:HwiP_construct)
                  0001a032    0000003e     gatt_pxxx.a : gatt_client.o (.text)
                  0001a070    0000003e     ll_pxxx.a : ll_common.o (.text)
                  0001a0ae    00000002     --HOLE-- [fill = 0]
                  0001a0b0    0000003c     drivers_cc26x2.aem4f : PINCC26XX.oem4f (.text:PIN_setOutputValue)
                  0001a0ec    0000003c     dpl_cc26x2.aem4f : SwiP_tirtos.oem4f (.text:SwiP_construct)
                  0001a128    0000003c     drivers_cc26x2.aem4f : UARTCC26XX.oem4f (.text:UARTCC26XX_swiIntFxn)
                  0001a164    0000003c                          : UART.oem4f (.text:UART_open)
                  0001a1a0    0000003c     gap_pxxx.a : gap_advertiser.o (.text)
                  0001a1dc    0000003c     rf_multiMode_cc26x2.aem4f : RFCC26X2_multiMode.oem4f (.text:getCmd)
                  0001a218    0000003c     hci_tl_none.a : hci_tl.o (.text)
                  0001a254    0000003c     ll_pxxx.a : ll.o (.text)
                  0001a290    0000003c               : ll_ae.o (.text)
                  0001a2cc    0000003c               : ll_common.o (.text)
                  0001a308    0000003c               : ll_privacy.o (.text)
                  0001a344    0000003c               : ll_scheduler.o (.text)
                  0001a380    0000003c               : ll_scheduler.o (.text)
                  0001a3bc    0000003c     ble5_project_zero_cc26x2r1lp_stack_library.lib : osal_bufmgr.obj (.text:osal_bm_alloc)
                  0001a3f8    0000003c                                                    : osal_timers.obj (.text:osal_start_reload_timer)
                  0001a434    0000003c     profiles_pxxx.a : gattservapp.o (.text)
                  0001a470    0000003c                     : gattservapp.o (.text)
                  0001a4ac    0000003c     sysbios.aem4f : BIOS.obj (.text:ti_sysbios_family_arm_cc26xx_Timer_setThreshold__I)
                  0001a4e8    0000003c                   : BIOS.obj (.text:ti_sysbios_family_arm_m3_Hwi_construct2__E)
                  0001a524    0000003c                   : BIOS.obj (.text:ti_sysbios_family_arm_m3_Hwi_excSvCall__I)
                  0001a560    0000003c     ble_debug_pem4f.oem4f (.text:ti_sysbios_knl_Clock_create)
                  0001a59c    0000003a     gatt_pxxx.a : gatt_client.o (.text)
                  0001a5d6    0000003a     ll_pxxx.a : ll_common.o (.text)
                  0001a610    0000003a     sm_pxxx.a : sm_mgr.o (.text)
                  0001a64a    00000038     rf_multiMode_cc26x2.aem4f : RFCC26X2_multiMode.oem4f (.text:calculateDispatchTime)
                  0001a682    00000002     --HOLE-- [fill = 0]
                  0001a684    00000038     ble5_project_zero_cc26x2r1lp_stack_library.lib : osal_snv_wrapper.obj (.text:disableCache$40)
                  0001a6bc    00000038     gap_pxxx.a : linkdb.o (.text)
                  0001a6f4    00000038     l2cap_pxxx.a : l2cap_util.o (.text)
                  0001a72c    00000038     ll_pxxx.a : ble.o (.text)
                  0001a764    00000038               : ll.o (.text)
                  0001a79c    00000038               : ll_common.o (.text)
                  0001a7d4    00000038               : ll_common.o (.text)
                  0001a80c    00000038               : ll_common.o (.text)
                  0001a844    00000038               : ll_common.o (.text)
                  0001a87c    00000038               : ll_scheduler.o (.text)
                  0001a8b4    00000038     ble5_project_zero_cc26x2r1lp_stack_library.lib : osal.obj (.text:osal_alien2proxy)
                  0001a8ec    00000038                                                    : osal.obj (.text:osal_msec_timer_cback$23)
                  0001a924    00000038                                                    : osal_timers.obj (.text:osal_stop_timerEx)
                  0001a95c    00000038     drivers_cc26x2.aem4f : UARTCC26XX.oem4f (.text:readData)
                  0001a994    00000038     sysbios.aem4f : BIOS.obj (.text:ti_sysbios_family_arm_cc26xx_Timer_getCurrentTick__E)
                  0001a9cc    00000038                   : BIOS.obj (.text:ti_sysbios_family_arm_m3_Hwi_Instance_finalize__E)
                  0001aa04    00000038                   : BIOS.obj (.text:ti_sysbios_family_arm_m3_Hwi_excNoIsr__I)
                  0001aa3c    00000038     drivers_cc26x2.aem4f : UARTCC26XX.oem4f (.text:writeData)
                  0001aa74    00000038     sysbios.aem4f : BIOS.obj (.text:xdc_runtime_SysMin_putch__E)
                  0001aaac    00000038                   : BIOS.obj (.text:xdc_runtime_System_atexit__E)
                  0001aae4    00000034     gattservapp_util.obj (.text:GATTServApp_InitCharCfg)
                  0001ab18    00000034     icall.obj (.text:ICall_heapFree)
                  0001ab4c    00000034     icall.obj (.text:ICall_primEntityId2ServiceId$7)
                  0001ab80    00000034     icall.obj (.text:ICall_searchServiceEntity)
                  0001abb4    00000034     drivers_cc26x2.aem4f : PINCC26XX.oem4f (.text:PIN_setConfig)
                  0001abe8    00000034                          : PowerCC26X2.oem4f (.text:Power_releaseConstraint)
                  0001ac1c    00000034     rf_multiMode_cc26x2.aem4f : RFCC26X2_multiMode.oem4f (.text:RF_checkCmdFsError)
                  0001ac50    00000034                               : RFCC26X2_multiMode.oem4f (.text:cacheFsCmd)
                  0001ac84    00000034     ble5_project_zero_cc26x2r1lp_stack_library.lib : gapbondmgr.obj (.text:gapBondMgr_SupportsCentAddrRes$31)
                  0001acb8    00000034                                                    : gapbondmgr.obj (.text:gapBondStateEnd$31)
                  0001acec    00000034     gap_pxxx.a : gap_configmgr.o (.text)
                  0001ad20    00000034                : gap_configmgr.o (.text)
                  0001ad54    00000034                : gap_task.o (.text)
                  0001ad88    00000034     gatt_pxxx.a : gatt_client.o (.text)
                  0001adbc    00000034     ll_pxxx.a : ll.o (.text)
                  0001adf0    00000034               : ll.o (.text)
                  0001ae24    00000034               : ll_common.o (.text)
                  0001ae58    00000034               : ll_scheduler.o (.text)
                  0001ae8c    00000034     ble5_project_zero_cc26x2r1lp_stack_library.lib : osal.obj (.text:osal_clear_event)
                  0001aec0    00000034     drivers_cc26x2.aem4f : UARTCC26XX.oem4f (.text:readData2RingBuf)
                  0001aef4    00000034     rf_multiMode_cc26x2.aem4f : RFCC26X2_multiMode.oem4f (.text:rfReleaseConstraint)
                  0001af28    00000034                               : RFCC26X2_multiMode.oem4f (.text:runDirectImmediateCmd)
                  0001af5c    00000034     sysbios.aem4f : BIOS.obj (.text:ti_sysbios_family_arm_cc26xx_Timer_initDevice__I)
                  0001af90    00000034     ble_debug_pem4f.oem4f (.text:ti_sysbios_family_arm_m3_Hwi_construct)
                  0001afc4    00000034     sysbios.aem4f : BIOS.obj (.text:ti_sysbios_family_arm_m3_Hwi_excNmi__I)
                  0001aff8    00000034                   : BIOS.obj (.text:ti_sysbios_hal_Hwi_checkStack)
                  0001b02c    00000034     ble_debug_pem4f.oem4f (.text:ti_sysbios_knl_Semaphore_create)
                  0001b060    00000034     ble_debug_pem4f.oem4f (.text:ti_sysbios_knl_Swi_construct)
                  0001b094    00000034     sysbios.aem4f : BIOS.obj (.text:ti_sysbios_knl_Swi_restore__E)
                  0001b0c8    00000034     ble_debug_pem4f.oem4f (.text:ti_sysbios_knl_Task_construct)
                  0001b0fc    00000034     ti.uia.loggers.aem4f : LoggerStopMode.oem4f (.text:ti_uia_loggers_LoggerStopMode_reset__E)
                  0001b130    00000034     sysbios.aem4f : BIOS.obj (.text:xdc_runtime_Core_assignLabel__I)
                  0001b164    00000032     ll_pxxx.a : ble.o (.text)
                  0001b196    00000032     sysbios.aem4f : BIOS.obj (.text:ti_sysbios_family_arm_cc26xx_Timer_setNextTick__E)
                  0001b1c8    00000030     ble5_project_zero_cc26x2r1lp_stack_library.lib : gapbondmgr.obj (.text:GAPBondMgr_PasscodeRsp)
                  0001b1f8    00000030                                                    : hal_flash_wrapper.obj (.text:HalFlashRead)
                  0001b228    00000030     icall.obj (.text:ICall_dispatch$7)
                  0001b258    00000030     icall.obj (.text:ICall_msecs2Ticks$7)
                  0001b288    00000030     drivers_cc26x2.aem4f : PowerCC26X2.oem4f (.text:Power_setConstraint)
                  0001b2b8    00000030     att_pxxx.a : att_client.o (.text)
                  0001b2e8    00000030     rf_multiMode_cc26x2.aem4f : RFCC26X2_multiMode.oem4f (.text:calculateDeltaTimeUs)
                  0001b318    00000030     ble5_project_zero_cc26x2r1lp_stack_library.lib : osal_snv_wrapper.obj (.text:findOffset$40)
                  0001b348    00000030                                                    : gapbondmgr.obj (.text:gapBondMgr_SyncWhiteList$31)
                  0001b378    00000030     gap_pxxx.a : gap_configmgr.o (.text)
                  0001b3a8    00000030                : gap_configmgr.o (.text)
                  0001b3d8    00000030                : gap_perilinkmgr.o (.text)
                  0001b408    00000030                : gap_task.o (.text)
                  0001b438    00000030                : linkdb.o (.text)
                  0001b468    00000030     ll_pxxx.a : ll.o (.text)
                  0001b498    00000030     ble5_project_zero_cc26x2r1lp_stack_library.lib : osal_timers.obj (.text:osal_get_timeoutEx)
                  0001b4c8    00000030     profiles_pxxx.a : gattservapp.o (.text)
                  0001b4f8    00000030     ble_debug_pem4f.oem4f (.text:ti_sysbios_BIOS_atExitFunc__I)
                  0001b528    00000030     ble_debug_pem4f.oem4f (.text:ti_sysbios_BIOS_startFunc__I)
                  0001b558    00000030     ble_debug_pem4f.oem4f (.text:ti_sysbios_gates_GateHwi_Object__create__S)
                  0001b588    00000030     ble_debug_pem4f.oem4f (.text:ti_sysbios_gates_GateMutex_Object__create__S)
                  0001b5b8    00000030     ble_debug_pem4f.oem4f (.text:ti_sysbios_heaps_HeapCallback_Object__create__S)
                  0001b5e8    00000030     ble_debug_pem4f.oem4f (.text:ti_sysbios_knl_Clock_construct)
                  0001b618    00000030     ble_debug_pem4f.oem4f (.text:ti_sysbios_knl_Event_create)
                  0001b648    00000030     ble_debug_pem4f.oem4f (.text:ti_sysbios_knl_Semaphore_construct)
                  0001b678    00000030     sysbios.aem4f : BIOS.obj (.text:ti_sysbios_knl_Task_processVitalTaskFlag__I)
                  0001b6a8    00000030     ble_debug_pem4f.oem4f (.text:ti_uia_loggers_LoggerStopMode_Object__create__S)
                  0001b6d8    00000030     sysbios.aem4f : BIOS.obj (.text:xdc_runtime_SysMin_abort__E)
                  0001b708    00000030                   : BIOS.obj (.text:xdc_runtime_System_processAtExit__E)
                  0001b738    0000002f                   : BIOS.obj (.text:xdc_runtime_Text_printVisFxn__I)
                  0001b767    00000001     --HOLE-- [fill = 0]
                  0001b768    0000002e     icall_cc2650.obj (.text:ICallPlatform_pwrDispenseImpl$8)
                  0001b796    0000002e     icall_cc2650.obj (.text:ICallPlatform_pwrRequireImpl$8)
                  0001b7c4    0000002e     drivers_cc26x2.aem4f : CryptoCC26XX.oem4f (.text:cryptoTransactionPend)
                  0001b7f2    0000002e     gatt_pxxx.a : gatt_client.o (.text)
                  0001b820    0000002e     ll_pxxx.a : ll.o (.text)
                  0001b84e    0000002e               : ll_common.o (.text)
                  0001b87c    0000002e               : ll_privacy.o (.text)
                  0001b8aa    0000002e               : ll_privacy.o (.text)
                  0001b8d8    0000002e     ble5_project_zero_cc26x2r1lp_stack_library.lib : osal.obj (.text:osal_build_uint32)
                  0001b906    0000002e     profiles_pxxx.a : gattservapp.o (.text)
                  0001b934    0000002e     sysbios.aem4f : BIOS.obj (.text:ti_sysbios_family_arm_m3_TaskSupport_start__E)
                  0001b962    0000002e                   : BIOS.obj (.text:ti_sysbios_hal_Hwi_initStack)
                  0001b990    0000002c     icall.obj (.text:ICall_getLocalMsgEntityId)
                  0001b9bc    0000002c     icall.obj (.text:ICall_msgEnqueue$7)
                  0001b9e8    0000002c     icall.obj (.text:ICall_searchTask$7)
                  0001ba14    0000002c     drivers_cc26x2.aem4f : PINCC26XX.oem4f (.text:PINCC26XX_setMux)
                  0001ba40    0000002c     dpl_cc26x2.aem4f : SemaphoreP_tirtos.oem4f (.text:SemaphoreP_constructBinary)
                  0001ba6c    0000002c     ble5_project_zero_cc26x2r1lp_stack_library.lib : ble_dispatch_lite.obj (.text:bleDispatch_BMAlloc)
                  0001ba98    0000002c     rf_multiMode_cc26x2.aem4f : RFCC26X2_multiMode.oem4f (.text:executeDirectImmediateCmd)
                  0001bac4    0000002c     ll_pxxx.a : ble.o (.text)
                  0001baf0    0000002c               : ll.o (.text)
                  0001bb1c    0000002c               : ll_ae.o (.text)
                  0001bb48    0000002c               : ll_common.o (.text)
                  0001bb74    0000002c     ble5_project_zero_cc26x2r1lp_stack_library.lib : osal_snv_wrapper.obj (.text:osal_snv_compact)
                  0001bba0    0000002c                                                    : osal_snv_wrapper.obj (.text:osal_snv_read)
                  0001bbcc    0000002c     rf_multiMode_cc26x2.aem4f : RFCC26X2_multiMode.oem4f (.text:ratReleaseChannels)
                  0001bbf8    0000002c     sm_pxxx.a : sm_mgr.o (.text)
                  0001bc24    0000002c               : sm_pairing.o (.text)
                  0001bc50    0000002c               : sm_pairing.o (.text)
                  0001bc7c    0000002c     sysbios.aem4f : BIOS.obj (.text:ti_sysbios_knl_Clock_getTicksUntilInterrupt__E)
                  0001bca8    0000002c                   : BIOS.obj (.text:ti_sysbios_knl_Event_pendTimeout__I)
                  0001bcd4    0000002c     ble_debug_pem4f.oem4f (.text:ti_sysbios_knl_Queue_construct)
                  0001bd00    0000002c     sysbios.aem4f : BIOS.obj (.text:ti_sysbios_knl_Semaphore_pendTimeout__I)
                  0001bd2c    0000002c                   : BIOS.obj (.text:xdc_runtime_Text_cordText__E)
                  0001bd58    0000002a     rf_multiMode_cc26x2.aem4f : RFCC26X2_multiMode.oem4f (.text:ratSuspendChannels)
                  0001bd82    0000002a     sysbios.aem4f : BIOS.obj (.text:ti_sysbios_knl_Clock_getTimeout__E)
                  0001bdac    0000002a                   : BIOS.obj (.text:xdc_runtime_System_putchar__I)
                  0001bdd6    00000002     --HOLE-- [fill = 0]
                  0001bdd8    00000028     driverlib.lib : osc.obj (.text:NOROM_OSCHF_TurnOnXosc)
                  0001be00    00000028     dpl_cc26x2.aem4f : PowerCC26X2_tirtos.oem4f (.text:PowerCC26XX_schedulerDisable)
                  0001be28    00000028                      : PowerCC26X2_tirtos.oem4f (.text:PowerCC26XX_schedulerRestore)
                  0001be50    00000028     drivers_cc26x2.aem4f : PowerCC26X2.oem4f (.text:Power_registerNotify)
                  0001be78    00000028     rf_multiMode_cc26x2.aem4f : RFCC26X2_multiMode.oem4f (.text:RF_runCmd)
                  0001bea0    00000028     TRNGCC26XX.obj (.text:TRNGCC26XX_init)
                  0001bec8    00000028     gap_pxxx.a : gap_configmgr.o (.text)
                  0001bef0    00000028                : gap_perilinkmgr.o (.text)
                  0001bf18    00000028     gatt_pxxx.a : gatt_client.o (.text)
                  0001bf40    00000028     ll_pxxx.a : ll.o (.text)
                  0001bf68    00000028               : ll_ae.o (.text)
                  0001bf90    00000028               : ll_common.o (.text)
                  0001bfb8    00000028               : ll_privacy.o (.text)
                  0001bfe0    00000028     ble5_project_zero_cc26x2r1lp_stack_library.lib : osal_bufmgr.obj (.text:osal_bm_adjust_header)
                  0001c008    00000028                                                    : osal_timers.obj (.text:osal_next_timeout)
                  0001c030    00000028     sysbios.aem4f : BIOS.obj (.text:ti_sysbios_knl_Clock_addI__E)
                  0001c058    00000028                   : BIOS.obj (.text:ti_sysbios_knl_Task_restore__E)
                  0001c080    00000026     drivers_cc26x2.aem4f : List.oem4f (.text:List_put)
                  0001c0a6    00000026     ble5_project_zero_cc26x2r1lp_stack_library.lib : gapbondmgr.obj (.text:gapBondMgrGetStateFlags$31)
                  0001c0cc    00000026     ll_pxxx.a : ble.o (.text)
                  0001c0f2    00000026     sysbios.aem4f : m3_Hwi_asm.obj (.text:ti_sysbios_family_arm_m3_Hwi_pendSV__I)
                  0001c118    00000026                   : BIOS.obj (.text:xdc_runtime_System_avprintf__E)
                  0001c13e    00000002     --HOLE-- [fill = 0]
                  0001c140    00000024     drivers_cc26x2.aem4f : CryptoCC26XX.oem4f (.text:CryptoCC26XX_hwiIntFxn)
                  0001c164    00000024     driverlib.lib : rfc.obj (.text:NOROM_RFCDoorbellSendTo)
                  0001c188    00000024     project_zero.obj (.text:ProjectZero_passcodeCb$0)
                  0001c1ac    00000024     rf_multiMode_cc26x2.aem4f : RFCC26X2_multiMode.oem4f (.text:allocCmd)
                  0001c1d0    00000024     att_pxxx.a : att_client.o (.text)
                  0001c1f4    00000024                : att_client.o (.text)
                  0001c218    00000024                : att_client.o (.text)
                  0001c23c    00000024     ble5_project_zero_cc26x2r1lp_stack_library.lib : osal_bufmgr.obj (.text:bm_desc_from_payload$24)
                  0001c260    00000024     rf_multiMode_cc26x2.aem4f : RFCC26X2_multiMode.oem4f (.text:clkPowerUpFxn)
                  0001c284    00000024     gap_pxxx.a : gap_linkmgr.o (.text)
                  0001c2a8    00000024     drivers_cc26x2.aem4f : PowerCC26X2_calibrateRCOSC.oem4f (.text:getTdcSemaphore)
                  0001c2cc    00000024     ll_pxxx.a : ll.o (.text)
                  0001c2f0    00000024               : ll.o (.text)
                  0001c314    00000024               : ll_ae.o (.text)
                  0001c338    00000024               : ll_slave_end_causes.o (.text)
                  0001c35c    00000024     ble5_project_zero_cc26x2r1lp_stack_library.lib : osal.obj (.text:osal_msg_allocate)
                  0001c380    00000024                                                    : osal.obj (.text:osal_service_entry)
                  0001c3a4    00000024     profiles_pxxx.a : gapgattserver.o (.text)
                  0001c3c8    00000024     rtsv7M4_T_le_v4SPD16_eabi.lib : memcmp.obj (.text)
                  0001c3ec    00000024     ble5_project_zero_cc26x2r1lp_stack_library.lib : osal_snv_wrapper.obj (.text:setActivePage$40)
                  0001c410    00000024     ble_debug_pem4f.oem4f (.text:ti_sysbios_BIOS_errorRaiseHook__I)
                  0001c434    00000024     ble_debug_pem4f.oem4f (.text:ti_sysbios_BIOS_registerRTSLock__I)
                  0001c458    00000024     ble_debug_pem4f.oem4f (.text:ti_sysbios_BIOS_removeRTSLock__I)
                  0001c47c    00000024     sysbios.aem4f : BIOS.obj (.text:ti_sysbios_family_arm_cc26xx_Timer_Module_startup__E)
                  0001c4a0    00000024                   : BIOS.obj (.text:ti_sysbios_family_arm_cc26xx_Timer_getMaxTicks__E)
                  0001c4c4    00000024                   : BIOS.obj (.text:ti_sysbios_family_arm_cc26xx_Timer_startup__E)
                  0001c4e8    00000024                   : BIOS.obj (.text:ti_sysbios_knl_Swi_Module_startup__E)
                  0001c50c    00000024                   : BIOS.obj (.text:xdc_runtime_System_vprintf__E)
                  0001c530    00000022     icall.obj (.text:ICall_setTimerMSecs)
                  0001c552    00000022     drivers_cc26x2.aem4f : List.oem4f (.text:List_get)
                  0001c574    00000022     ll_pxxx.a : ll.o (.text)
                  0001c596    00000022               : ll_common.o (.text)
                  0001c5b8    00000022               : ll_privacy.o (.text)
                  0001c5da    00000022     profiles_pxxx.a : gattservapp.o (.text)
                  0001c5fc    00000022     sysbios.aem4f : BIOS.obj (.text:ti_sysbios_family_arm_cc26xx_Timer_postInit__I)
                  0001c61e    00000022     ble_debug_pem4f.oem4f (.text:xdc_runtime_SysMin_output__I)
                  0001c640    00000020     drivers_cc26x2.aem4f : PowerCC26X2.oem4f (.text:Power_unregisterNotify)
                  0001c660    00000020     project_zero.obj (.text:ProjectZero_pairStateCb$0)
                  0001c680    00000020     ble5_project_zero_cc26x2r1lp_stack_library.lib : gapbondmgr.obj (.text:gapBondGetStateFromConnHandle$31)
                  0001c6a0    00000020                                                    : gapbondmgr.obj (.text:gapBondMgr_isDevicePrivacyModeSupported$31)
                  0001c6c0    00000020     gattservapp_util.obj (.text:gattServApp_FindCharCfgItem$14)
                  0001c6e0    00000020     rf_multiMode_cc26x2.aem4f : RFCC26X2_multiMode.oem4f (.text:hwiFxnCpe0ChangePhy)
                  0001c700    00000020     ll_pxxx.a : ll.o (.text)
                  0001c720    00000020               : ll_common.o (.text)
                  0001c740    00000020               : ll_isr.o (.text)
                  0001c760    00000020     ble5_project_zero_cc26x2r1lp_stack_library.lib : osal_timers.obj (.text:osalFindTimer)
                  0001c780    00000020                                                    : osal.obj (.text:osal_memcmp)
                  0001c7a0    00000020                                                    : osal.obj (.text:osal_msg_deallocate)
                  0001c7c0    00000020                                                    : osal.obj (.text:osal_msg_send)
                  0001c7e0    00000020                                                    : osal.obj (.text:osal_proxy2alien$23)
                  0001c800    00000020     profiles_pxxx.a : gattservapp.o (.text)
                  0001c820    00000020     rf_multiMode_cc26x2.aem4f : RFCC26X2_multiMode.oem4f (.text:ratIsRunning)
                  0001c840    00000020     rtsv7M4_T_le_v4SPD16_eabi.lib : u_tofd_t2.obj (.text)
                  0001c860    00000020     rf_multiMode_cc26x2.aem4f : RFCC26X2_multiMode.oem4f (.text:swiFxnFsm)
                  0001c880    00000020     ble_debug_pem4f.oem4f (.text:ti_sysbios_BIOS_rtsLock__I)
                  0001c8a0    00000020     sysbios.aem4f : BIOS.obj (.text:ti_sysbios_family_arm_cc26xx_Timer_dynamicStub__E)
                  0001c8c0    00000020                   : m3_Hwi_asm.obj (.text:ti_sysbios_family_arm_m3_Hwi_excHandlerAsm__I)
                  0001c8e0    00000020                   : BIOS.obj (.text:ti_sysbios_family_arm_m3_Hwi_excHandler__I)
                  0001c900    00000020                   : BIOS.obj (.text:ti_sysbios_knl_Clock_Module_startup__E)
                  0001c920    00000020     ble_debug_pem4f.oem4f (.text:ti_sysbios_knl_Clock_destruct)
                  0001c940    00000020     sysbios.aem4f : BIOS.obj (.text:ti_sysbios_knl_Clock_getTicks__E)
                  0001c960    00000020                   : BIOS.obj (.text:ti_sysbios_knl_Clock_stop__E)
                  0001c980    00000020                   : BIOS.obj (.text:ti_sysbios_knl_Event_checkEvents__I)
                  0001c9a0    00000020                   : BIOS.obj (.text:ti_sysbios_knl_Idle_run__E)
                  0001c9c0    00000020     ble_debug_pem4f.oem4f (.text:ti_sysbios_knl_Semaphore_destruct)
                  0001c9e0    00000020     sysbios.aem4f : BIOS.obj (.text:ti_sysbios_knl_Task_restoreHwi__E)
                  0001ca00    00000020                   : BIOS.obj (.text:xdc_runtime_Registry_findById__E)
                  0001ca20    00000020                   : BIOS.obj (.text:xdc_runtime_SysMin_Module_startup__E)
                  0001ca40    0000001e     drivers_cc26x2.aem4f : PINCC26XX.oem4f (.text:PIN_close)
                  0001ca5e    0000001e                          : PowerCC26X2.oem4f (.text:Power_getTransitionLatency)
                  0001ca7c    0000001e     ble5_project_zero_cc26x2r1lp_stack_library.lib : gapbondmgr.obj (.text:gapBondMgrInvertCharCfgItem$31)
                  0001ca9a    0000001e     gap_pxxx.a : gap_linkmgr.o (.text)
                  0001cab8    0000001e     ll_pxxx.a : ll_ae.o (.text)
                  0001cad6    0000001e               : ll_privacy.o (.text)
                  0001caf4    0000001e     sysbios.aem4f : m3_Hwi_asm_switch.obj (.text:ti_sysbios_family_xxx_Hwi_switchAndRunFunc)
                  0001cb12    00000002     --HOLE-- [fill = 0]
                  0001cb14    0000001c     ble5_project_zero_cc26x2r1lp_stack_library.lib : gapbondmgr.obj (.text:GAPBondMgr_Register)
                  0001cb30    0000001c     icall.obj (.text:ICall_mallocLimited)
                  0001cb4c    0000001c     icall.obj (.text:ICall_primRepostSync$7)
                  0001cb68    0000001c     driverlib.lib : chipinfo.obj (.text:NOROM_ChipInfo_GetChipFamily)
                  0001cb84    0000001c                   : flash.obj (.text:NOROM_FlashProgram)
                  0001cba0    0000001c                   : flash.obj (.text:NOROM_FlashSectorErase)
                  0001cbbc    0000001c     drivers_cc26x2.aem4f : PINCC26XX.oem4f (.text:PINCC26XX_setIoCfgMux)
                  0001cbd8    0000001c                          : PINCC26XX.oem4f (.text:PIN_hwi)
[...]
2000abd4  deviceFeatureSet                                                       
2000ac10  gapConfig_SRK                                                          
2000ac20  aeCmd                                                                  
2000ac30  timerHead                                                              
2000ac34  osal_last_timestamp                                                    
2000ac3c  llTaskList                                                             
2000ac48  rfOp_SetRatCmp                                                         
2000ac50  gattReTxList                                                           
2000ac58  parmbuf                                                                
2000ac64  clientInfoTbl                                                          
2000ac68  linkCmd                                                                
2000ac6c  linkParam                                                              
2000ac70  rtosApiTblPtr                                                          
2000ac74  dtmInfo                                                                
2000ac78  advSetList                                                             
2000ac80  ClockP_tickPeriod                                                      
2000ac84  PowerCC26XX_swiKey                                                     
2000ac88  PowerCC26XX_taskKey                                                    
2000ac8c  tasksEvents                                                            
2000ac90  trngCC26XXObjects                                                      
2000ac99  att_sendRspOnly                                                        
2000ac9a  connInitialMaxTxTimeUncoded                                            
2000ac9c  connInitialMaxTxTimeCoded                                              
2000aca0  hciTaskID                                                              
2000aca1  hciGapTaskID                                                           
2000aca2  hciTestTaskID                                                          
2000aca3  hciL2capTaskID                                                         
2000aca4  hciSmpTaskID                                                           
2000aca5  l2cap_gattServAppTaskID                                                
2000aca7  defaultPhy                                                             
2000aca8  scanReqRpt                                                             
2000aca9  aeCurHandle                                                            
2000acaa  aeCurConnHandle                                                        
2000acab  driverlib_release_0_50182                                              
2000acac  g_hwiInt                                                               
2000acad  icall_liteTaskId                                                       
2000acae  heapStart                                                              
200130f8  __stack                                                                
200130f8  heapEnd                                                                
200134f8  RAM_BASE_ADDR                                                          
200134f8  __STACK_END                                                            
200134f8  __STACK_TOP                                                            
20013504  ROM_FlashJT                                                            
20013558  gapPeripheralCBs                                                       
20013564  gapPeripheralConnCBs                                                   
20013584  smResponderCBs                                                         
2001359c  slaveConnHandle                                                        
2001359e  nextHandle                                                             
200135a0  l2capMtuSize                                                           
200135a2  gapAppTaskID                                                           
200135a3  gapAdvAppTaskID                                                        
200135a4  gapUnwantedTaskID                                                      
200135a5  reqTaskId                                                              
200135a6  gattAppTaskID                                                          
200135a7  appTaskID                                                              
200135a8  flowCtrlTaskId                                                         
200135a9  SM_appTaskID                                                           
200136ec  scanDataEntry                                                          
200137cc  wlTable                                                                
200138a8  wlTableScan                                                            
20013988  rfObject                                                               
20013a20  advCmd                                                                 
20013a68  localEccKeys                                                           
20013aac  initDataEntry                                                          
20013b1c  l2capFixedChannels                                                     
20013b4c  linkCBs                                                                
20013b7c  eccParams                                                              
20013bac  initParam                                                              
20013bd0  scanParam                                                              
20013bf4  advParam                                                               
20013c14  cryptoPRAND                                                            
20013c34  txModemTestCmd                                                         
20013c50  gapParams                                                              
20013c6c  initCmd                                                                
20013c84  connReqData                                                            
20013c9c  scanCmd                                                                
20013cb4  scanOutput                                                             
20013ce4  rxModemTestCmd                                                         
20013cfc  rsp                                                                    
20013d14  fwParDtmCmd                                                            
20013d44  fwParRfCmd                                                             
20013d5c  connOutput                                                             
20013d70  rxTestParam                                                            
20013d84  initDataQueue                                                          
20013d94  scanDataQueue                                                          
20013da4  advDataQueue                                                           
20013db4  advOutput                                                              
20013dc4  txTestParam                                                            
20013dd4  initOutput                                                             
20013de0  rxTestOut                                                              
20013df8  cachedTRNGdata                                                         
20013e04  gapCurrentRandomAddr                                                   
20013e0c  slaveUpdateReq                                                         
20013e14  pBleEvtMask                                                            
20013e1c  pHciEvtMask                                                            
20013e24  pHciEvtMask2                                                           
20013e2c  ownPublicAddr                                                          
20013e34  ownRandomAddr                                                          
20013e3c  ownSavedPublicAddr                                                     
20013e44  fwImmedCmd                                                             
20013e4c  attServerNotifyTxCB                                                    
20013e50  rfEvent                                                                
20013e58  fwParCmd                                                               
20013e60  verInfo                                                                
20013e68  llConns                                                                
20013e70  fwParamImmedCmd                                                        
20013e78  privInfo                                                               
20013e88  rxDataQ                                                                
20013e8c  txDataQ                                                                
20013e90  rxRingBuf                                                              
20013e94  txTestOut                                                              
20013e98  pGapDiscReq                                                            
20013e9c  pGapAdvertState                                                        
20013ea0  pEstLink                                                               
20013ea4  pAuthLink                                                              
20013ea8  pfnCentralConnCBs                                                      
20013eac  pfnPeripheralConnCBs                                                   
20013eb0  pGapAdvTokens                                                          
20013eb4  pGapAdData                                                             
20013eb8  pGapScanRspData                                                        
20013ebc  pfnPeripheralCBs                                                       
20013ec0  pfnCentralCBs                                                          
20013ec4  pfnBondMgrCBs                                                          
20013ec8  serverInfoTbl                                                          
20013ecc  pServiceList                                                           
20013ed0  pfnServerProcessMsgCB                                                  
20013ed4  pfnClientProcessMsgCB                                                  
20013ed8  prepareWritesTbl                                                       
20013edc  serviceCBsList                                                         
20013ee0  pAttrValue                                                             
20013ee4  l2capChannels                                                          
20013ee8  linkDB                                                                 
20013eec  rfHandle                                                               
20013ef0  rfDrvTblPtr                                                            
20013ef4  eccDrvTblPtr                                                           
20013ef8  cryptoDrvTblPtr                                                        
20013efc  trngDrvTblPtr                                                          
20013f00  activeConns                                                            
20013f04  SysBootMsg                                                             
20013f08  sclkSrc                                                                
20013f0c  buildInfo                                                              
20013f10  advInfo                                                                
20013f18  initInfo                                                               
20013f20  taskEndAction                                                          
20013f24  encParams                                                              
20013f28  encHandle                                                              
20013f2c  encKey                                                                 
20013f30  pPairingParams                                                         
20013f34  pfnResponderCBs                                                        
20013f38  pfnInitiatorCBs                                                        
20013f3c  gapLimitedAdvertisingTimeout                                           
20013f3e  attrLen                                                                
20013f40  numHostBufs                                                            
20013f42  rfCmdHandle                                                            
20013f44  connInitialMaxTxOctets                                                 
20013f46  connInitialMaxTxTime                                                   
20013f48  supportedMaxTxOctets                                                   
20013f4a  supportedMaxTxTime                                                     
20013f4c  supportedMaxRxOctets                                                   
20013f4e  supportedMaxRxTime                                                     
20013f50  taskEndStatus                                                          
20013f52  postRfOperations                                                       
20013f54  rfCfgAdiVal                                                            
20013f58  gapProfileRole                                                         
20013f59  gapDeviceAddrMode                                                      
20013f5a  gapState                                                               
20013f5b  terminateAllTaskID                                                     
20013f5c  terminateReason                                                        
20013f5d  gapTaskID                                                              
20013f5e  gattNumConns                                                           
20013f5f  gattTaskID                                                             
20013f60  GATTServApp_TaskID                                                     
20013f61  maxNumPrepareWrites                                                    
20013f62  hciPTMenabled                                                          
20013f63  ctrlToHostEnable                                                       
20013f64  l2capFlowCtrlMode                                                      
20013f65  l2capTaskID                                                            
20013f66  l2capNumChannels                                                       
20013f67  l2capNumDataPkts                                                       
20013f68  l2capId                                                                
20013f69  linkDBNumConns                                                         
20013f6a  linkDB_secureConnectionOnlyMode                                        
20013f6b  maxPduSize                                                             
20013f6c  rfFeModeBias                                                           
20013f6d  maxNumTxDataBufs                                                       
20013f6e  LL_TaskID                                                              
20013f6f  llState                                                                
20013f70  rssiCorrection                                                         
20013f71  curTxPowerVal                                                          
20013f72  maxTxPwrForDTM                                                         
20013f73  onePktPerEvt                                                           
20013f74  numComplPkts                                                           
20013f75  numComplPktsLimit                                                      
20013f76  numComplPktsFlush                                                      
20013f77  fastTxRespTime                                                         
20013f78  slOverride                                                             
20013f79  rxFifoFlowCtrl                                                         
20013f7a  numTxDataBufs                                                          
20013f7b  maxNumConns                                                            
20013f7c  smTaskID                                                               
20013f7d  SM_appExpectingKey                                                     
20013f80  ECC_DATA$$Base                                                         
20013f80  eccRom_param_Gx                                                        
20013f84  eccRom_param_Gy                                                        
20013f88  eccRom_workzone                                                        
20013f8c  eccRom_param_p                                                         
20013f90  eccRom_param_r                                                         
20013f94  eccRom_param_a                                                         
20013f98  eccRom_param_b                                                         
20013f9c  eccRom_windowSize                                                      
20013fa0  aux64                                                                  
20013fa8  MOD                                                                    
20013fac  LEN                                                                    
20013fb0  inScalar                                                               
20013fb4  inPointX                                                               
20013fb8  inPointY                                                               
20013fbc  outPointX                                                              
20013fc0  outPointY                                                              
20013fc4  SCAL                                                                   
20013fc8  EXPX                                                                   
20013fcc  EXPY                                                                   
20013fd0  EXPZ                                                                   
20013fd4  EXPW                                                                   
20013fd8  ACCX                                                                   
20013fdc  ACCY                                                                   
20013fe0  ACCZ                                                                   
20013fe4  TMP1                                                                   
20013fe8  TMP2                                                                   
20013fec  TMP3                                                                   
20013ff0  TMP4                                                                   
20013ff4  TMP5                                                                   
20013ff8  TMP6                                                                   
20013ffc  MSBMOD                                                                 
20014000  ECC_DATA$$Limit                                                        
e000e000  ti_sysbios_family_arm_m3_Hwi_nvic                                      
ffffffff  __TI_pprof_out_hndl                                                    
ffffffff  __TI_prof_data_size                                                    
ffffffff  __TI_prof_data_start                                                   
ffffffff  __binit__                                                              
ffffffff  __c_args__                                                             
ffffffff  binit                                                                  
UNDEFED   SHT$$INIT_ARRAY$$Base                                                  
UNDEFED   SHT$$INIT_ARRAY$$Limit                                                 

[2367 symbols]
